// Vitest Snapshot v1, https://vitest.dev/guide/snapshot.html

exports[`three clicks + pointer move > tooltip contains angle 1`] = `
[
  {
    "position": [
      -1,
      0,
    ],
    "text": "45.01 deg",
  },
]
`;
