// Vitest Snapshot v1, https://vitest.dev/guide/snapshot.html

exports[`three clicks + pointer move > tooltip contains area 1`] = `
[
  {
    "position": [
      0,
      0,
    ],
    "text": "49565599608.28 sq. m",
  },
]
`;
