// Vitest Snapshot v1, https://vitest.dev/guide/snapshot.html

exports[`Selected polygon feature can be scaled 1`] = `
{
  "geometry": {
    "coordinates": [
      [
        [
          -1,
          -0.6,
        ],
        [
          1,
          -0.6,
        ],
        [
          1,
          1,
        ],
        [
          -1,
          1,
        ],
        [
          -1,
          -0.6,
        ],
      ],
      [
        [
          -0,
          -0.2,
        ],
        [
          -0,
          0.6,
        ],
        [
          1,
          0.6,
        ],
        [
          1,
          -0.2,
        ],
        [
          -0,
          -0.2,
        ],
      ],
    ],
    "type": "Polygon",
  },
  "properties": {},
  "type": "Feature",
}
`;
